16:33:42 [INFO] ==================================================
16:33:42 [INFO] Excel: 企业查询数据(1).xlsx
16:33:42 [INFO] 验证消息: 您好，我有业务想和您合作，希望能添加您为好友。
16:33:42 [INFO] 间隔: 8.0-20.0秒
16:33:42 [INFO] 总记录 1643 条，有效手机号 1555 条，无效 88 条
16:33:42 [INFO] 无效示例(前5): [(10, '88778033'), (37, '0755-86704661'), (77, '0760-85606012'), (127, '0760-23366611'), (175, '0760-86105892')]
16:33:42 [INFO] dry-run模式，不实际添加。有效手机号列表(前20):
16:33:42 [INFO]   行2 13600335367 备注=中山市创洺盛科技有限公司
16:33:42 [INFO]   行3 18718102843 备注=中山市惠普照明有限公司
16:33:42 [INFO]   行4 13431664515 备注=中山市桓林工程有限公司
16:33:42 [INFO]   行5 19966319010 备注=中山市长熙科技有限公司
16:33:42 [INFO]   行6 18928114264 备注=中山市法拉电子有限公司
16:33:42 [INFO]   行7 18813723927 备注=中山市烁芯光电科技有限公司
16:33:42 [INFO]   行8 18933328049 备注=中山市长风运输有限公司
16:33:42 [INFO]   行9 13450946229 备注=中山市立靓照明有限公司
16:33:42 [INFO]   行11 13113919617 备注=中山市文火照明有限公司
16:33:42 [INFO]   行12 18207584736 备注=中山市必能照明有限公司
16:33:42 [INFO]   行13 13428938059 备注=中山市冬天科技有限公司
16:33:42 [INFO]   行14 13531795672 备注=中山市地丰照明有限公司
16:33:42 [INFO]   行15 13923343035 备注=中山市友善电器有限公司
16:33:42 [INFO]   行16 18933327703 备注=中山市光仟照明有限公司
16:33:42 [INFO]   行17 13543035301 备注=中山市忠芯工业有限公司
16:33:42 [INFO]   行18 13726113024 备注=中山市森迈电子有限公司
16:33:42 [INFO]   行19 18165636336 备注=中山市言明照明有限公司
16:33:42 [INFO]   行20 18676141841 备注=中山市冠耀科技有限公司
16:33:42 [INFO]   行21 13610450635 备注=中山市伟格电器有限公司
16:33:42 [INFO]   行22 13652207979 备注=中山市悦成科技有限公司
16:34:50 [INFO] ==================================================
16:34:50 [INFO] Excel: 企业查询数据(1).xlsx
16:34:50 [INFO] 验证消息: 您好，我有业务想和您合作，希望能添加您为好友。
16:34:50 [INFO] 间隔: 8.0-20.0秒
16:34:50 [INFO] 总记录 1643 条，有效手机号 1555 条，无效 88 条
16:34:50 [INFO] 无效示例(前5): [(10, '88778033'), (37, '0755-86704661'), (77, '0760-85606012'), (127, '0760-23366611'), (175, '0760-86105892')]
16:34:50 [INFO] 已完成记录 0 个(来自 progress.txt)
16:34:50 [INFO] 本次待添加 1555 条
16:34:50 [INFO] 正在连接微信PC客户端...
16:34:50 [ERROR] 连接微信失败: (1400, 'SetWindowPos', '无效的窗口句柄。')
16:34:50 [ERROR] 请确保微信PC客户端已登录并显示在前台窗口。
16:50:31 [INFO] ==================================================
16:50:31 [INFO] Excel: 企业查询数据(1).xlsx
16:50:31 [INFO] 验证消息: 您好，我们公司正在主办一场中山数智AI创新交流峰会，专门邀请中山本地的企业主免费参加，学习AI怎么帮企业降本增效，如果你感兴趣可以通过一下进行具体了解详情
16:50:31 [INFO] 间隔: 8.0-20.0秒
16:50:32 [INFO] 总记录 1643 条，有效手机号 1555 条，无效 88 条
16:50:32 [INFO] 无效示例(前5): [(10, '88778033'), (37, '0755-86704661'), (77, '0760-85606012'), (127, '0760-23366611'), (175, '0760-86105892')]
16:50:32 [INFO] 已完成记录 0 个(来自 progress.txt)
16:50:32 [INFO] 限制最多添加 3 条
16:50:32 [INFO] 本次待添加 3 条
16:50:32 [INFO] 正在连接微信PC客户端...
16:50:34 [INFO] 微信连接成功。
16:50:34 [INFO] [1/3] 行2 手机号 13600335367 备注=中山市创洺盛科技有限公司
16:50:43 [INFO]   -> 已发送添加请求
16:50:43 [INFO]   等待 13.8 秒...
16:50:56 [INFO] [2/3] 行3 手机号 18718102843 备注=中山市惠普照明有限公司
16:51:03 [INFO]   -> 已发送添加请求
16:51:03 [INFO]   等待 13.1 秒...
16:51:16 [INFO] [3/3] 行4 手机号 13431664515 备注=中山市桓林工程有限公司
16:51:28 [WARNING]   -> 失败: Find Control Timeout: {Name: '添加朋友', ControlType: ButtonControl}
16:51:28 [INFO] ==================================================
16:51:28 [INFO] 完成。成功发送 2，失败 1，结果已保存到 add_result.xlsx
[2026-09-17 17:14:18] 已加载: 企业查询数据(1).xlsx，有效手机号 1555 条
[2026-09-17 17:23:15] 已加载: 企业查询数据(1).xlsx，有效手机号 1555 条
[2026-09-17 18:03:54] 已加载: 企业查询数据(1).xlsx，有效手机号 1555 条
[2026-09-17 18:05:17] 微信连接成功
[2026-09-17 18:05:17] 已完成记录 0 个 (来自 progress.txt)
[2026-09-17 18:05:17] 限制最多 2 条
[2026-09-17 18:05:17] 本次待添加 2 条
[2026-09-17 18:05:17] [1/2] 正在添加: 13600335367 (王高巍13600335367)
[2026-09-17 18:05:23] 用户请求停止，等待当前操作完成...
[2026-09-17 18:05:27] 用户请求停止，等待当前操作完成...
[2026-09-17 18:05:30]   [失败] 13600335367 | 王高巍13600335367 | Find Control Timeout: {Name: '微信号/手机号', ControlType: EditControl}
[2026-09-17 18:05:30] 已停止
[2026-09-17 18:05:30] 结果已保存到 add_result.xlsx
[2026-09-17 18:05:30] 完成! 成功 0，失败 1
[2026-09-17 18:05:32] 微信连接成功
[2026-09-17 18:05:32] 已完成记录 0 个 (来自 progress.txt)
[2026-09-17 18:05:32] 限制最多 2 条
[2026-09-17 18:05:32] 本次待添加 2 条
[2026-09-17 18:05:32] [1/2] 正在添加: 13600335367 (王高巍13600335367)
[2026-09-17 18:05:41]   [成功] 13600335367 | 王高巍13600335367 | 已发送添加请求
[2026-09-17 18:05:41]   等待 10.5s
[2026-09-17 18:05:52] [2/2] 正在添加: 18718102843 (韩炬18718102843)
[2026-09-17 18:06:03]   [失败] 18718102843 | 韩炬18718102843 | Find Control Timeout: {Name: '添加朋友', ControlType: ButtonControl}
[2026-09-17 18:06:03] 结果已保存到 add_result.xlsx
[2026-09-17 18:06:03] 完成! 成功 1，失败 1
[2026-09-17 20:30:25] 已加载: 企业查询数据(1).xlsx，有效手机号 1555 条
[2026-09-17 20:38:11] 已加载: 企业查询数据(1).xlsx，有效手机号 1555 条
[2026-09-17 20:38:43] 微信连接成功
[2026-09-17 20:38:43] 已完成记录 1 个 (来自 progress.txt)
[2026-09-17 20:38:43] 限制最多 2 条
[2026-09-17 20:38:43] 本次待添加 2 条
[2026-09-17 20:38:43] [1/2] 正在添加: 18718102843 (韩炬18718102843)
[2026-09-17 20:38:50]   [成功] 18718102843 | 韩炬18718102843 | 已发送添加请求
[2026-09-17 20:38:51]   等待 4.1s
[2026-09-17 20:38:55] [2/2] 正在添加: 13431664515 (林兴华13431664515)
[2026-09-17 20:39:06]   尝试失败(1/3)，重置窗口后重试: Find Control Timeout: {Name: '添加朋友', ControlType: ButtonControl}
[2026-09-17 20:39:11]   第2次尝试...
[2026-09-17 20:39:21]   [成功] 13431664515 | 林兴华13431664515 | 已发送添加请求
[2026-09-17 20:39:22] 结果已保存到 add_result.xlsx
[2026-09-17 20:39:22] 完成! 成功 2，失败 0
